≡ƒöì Testing Session: test-final-1771164381124

1∩╕ÅΓâú Sending Message 1: "Your OTP has been sent to +91-9876543210; reply with the code and confirm scammer.fraud@fakebank"
node : (node:13196) 
[DEP0040] 
DeprecationWarning: The 
`punycode` module is 
deprecated. Please use a 
userland alternative 
instead.
At line:1 char:1
+ node 
test_extraction_fixed.js 
> test_log.txt 2>&1
+ ~~~~~~~~~~~~~~~~~~~~~~~~
~~~~~~~~~~~~~~~~~~~~~~~~~
    + CategoryInfo        
      : NotSpecified: ((  
  node:13196) [D...nati   
 ve instead.:String) [    
], RemoteException
    + FullyQualifiedError 
   Id : NativeCommandErr  
  or
 
(Use `node 
--trace-deprecation ...` 
to show where the warning 
was created)
≡ƒôÑ Reply 1: "undefined"

≡ƒò╡∩╕Å Fetching Intelligence (After Message 1)...
Γ£à Extracted Intelligence:
undefined
TypeError: Cannot read 
properties of undefined 
(reading 'phoneNumbers')
    at checkIntelligence (
C:\vista_honeypot\test_ext
raction_fixed.js:81:28)
    at process.processTick
sAndRejections (node:inter
nal/process/task_queues:95
:5)
    at async runTest (C:\v
ista_honeypot\test_extract
ion_fixed.js:34:5)
